level=info ts=2026-05-09T16:32:28.305200836Z caller=table.go:297 table-name=index_20582 msg="starting compaction of dbs"
level=info ts=2026-05-09T16:32:28.305240737Z caller=table.go:307 table-name=index_20582 msg="using compactor-1778343794.gz as seed file"
level=info ts=2026-05-09T16:32:28.31940707Z caller=util.go:116 table-name=index_20582 file-name=compactor-1778343794.gz msg="downloaded file" total_time=14.156955ms
level=info ts=2026-05-09T16:32:28.320134064Z caller=util.go:116 table-name=index_20582 file-name=loki-0-1778257985923462147-1778343300.gz msg="downloaded file" total_time=447.722µs
level=info ts=2026-05-09T16:32:28.337293604Z caller=util.go:136 msg="compressing the file" src=/data/loki/boltdb-shipper-compactor/index_20582/compactor-1778343794.gz dest=/data/loki/boltdb-shipper-compactor/index_20582/compactor-1778343794.gz.gz
level=info ts=2026-05-09T16:32:28.349110892Z caller=index_set.go:281 table-name=index_20582 msg="removing source db files from storage" count=2
level=info ts=2026-05-09T16:32:28.349925134Z caller=compactor.go:557 msg="finished compacting table" table-name=index_20582
level=info ts=2026-05-09T16:33:19.563279702Z caller=table_manager.go:134 msg="uploading tables"
level=info ts=2026-05-09T16:33:19.563367275Z caller=index_set.go:86 msg="uploading table index_20581"
level=info ts=2026-05-09T16:33:19.563379237Z caller=index_set.go:107 msg="finished uploading table index_20581"
level=info ts=2026-05-09T16:33:19.563389364Z caller=index_set.go:185 msg="cleaning up unwanted indexes from table index_20581"
level=info ts=2026-05-09T16:33:19.563398102Z caller=index_set.go:86 msg="uploading table index_20582"
level=info ts=2026-05-09T16:33:19.56340913Z caller=index_set.go:107 msg="finished uploading table index_20582"
level=info ts=2026-05-09T16:33:19.563416424Z caller=index_set.go:185 msg="cleaning up unwanted indexes from table index_20582"
level=info ts=2026-05-09T16:33:19.629113183Z caller=table_manager.go:167 msg="handing over indexes to shipper"
level=info ts=2026-05-09T16:33:19.62922837Z caller=table.go:319 msg="handing over indexes to shipper index_20581"
level=info ts=2026-05-09T16:33:19.629239875Z caller=table.go:335 msg="finished handing over table index_20581"
level=info ts=2026-05-09T16:33:19.629268346Z caller=table.go:319 msg="handing over indexes to shipper index_20582"
level=info ts=2026-05-09T16:33:19.629279787Z caller=table.go:335 msg="finished handing over table index_20582"
level=info ts=2026-05-09T16:34:14.942685542Z caller=table_manager.go:134 msg="uploading tables"
level=info ts=2026-05-09T16:34:14.942764963Z caller=index_set.go:86 msg="uploading table index_20581"
level=info ts=2026-05-09T16:34:14.942807437Z caller=index_set.go:107 msg="finished uploading table index_20581"
level=info ts=2026-05-09T16:34:14.942815447Z caller=index_set.go:185 msg="cleaning up unwanted indexes from table index_20581"
level=info ts=2026-05-09T16:34:14.942822665Z caller=index_set.go:86 msg="uploading table index_20582"
level=info ts=2026-05-09T16:34:14.942828668Z caller=index_set.go:107 msg="finished uploading table index_20582"
level=info ts=2026-05-09T16:34:14.942834605Z caller=index_set.go:185 msg="cleaning up unwanted indexes from table index_20582"
level=info ts=2026-05-09T16:34:15.008743177Z caller=table_manager.go:167 msg="handing over indexes to shipper"
level=info ts=2026-05-09T16:34:15.008842582Z caller=table.go:319 msg="handing over indexes to shipper index_20581"
level=info ts=2026-05-09T16:34:15.008856041Z caller=table.go:335 msg="finished handing over table index_20581"
level=info ts=2026-05-09T16:34:15.008888583Z caller=table.go:319 msg="handing over indexes to shipper index_20582"
level=info ts=2026-05-09T16:34:15.008899101Z caller=table.go:335 msg="finished handing over table index_20582"
level=info ts=2026-05-09T16:35:10.326897783Z caller=table_manager.go:134 msg="uploading tables"
level=info ts=2026-05-09T16:35:10.327033452Z caller=index_set.go:86 msg="uploading table index_20581"
level=info ts=2026-05-09T16:35:10.327046771Z caller=index_set.go:107 msg="finished uploading table index_20581"
level=info ts=2026-05-09T16:35:10.327056713Z caller=index_set.go:185 msg="cleaning up unwanted indexes from table index_20581"
level=info ts=2026-05-09T16:35:10.327065668Z caller=index_set.go:86 msg="uploading table index_20582"
level=info ts=2026-05-09T16:35:10.327088224Z caller=index_set.go:107 msg="finished uploading table index_20582"
level=info ts=2026-05-09T16:35:10.327095474Z caller=index_set.go:185 msg="cleaning up unwanted indexes from table index_20582"
level=info ts=2026-05-09T16:35:10.394290193Z caller=table_manager.go:167 msg="handing over indexes to shipper"
level=info ts=2026-05-09T16:35:10.394412272Z caller=table.go:319 msg="handing over indexes to shipper index_20581"
level=info ts=2026-05-09T16:35:10.394424429Z caller=table.go:335 msg="finished handing over table index_20581"
level=info ts=2026-05-09T16:35:10.394451023Z caller=table.go:319 msg="handing over indexes to shipper index_20582"
level=info ts=2026-05-09T16:35:10.394460238Z caller=table.go:335 msg="finished handing over table index_20582"
level=info ts=2026-05-09T16:36:05.70464827Z caller=table_manager.go:134 msg="uploading tables"
level=info ts=2026-05-09T16:36:05.704754014Z caller=index_set.go:86 msg="uploading table index_20581"
level=info ts=2026-05-09T16:36:05.704768244Z caller=index_set.go:107 msg="finished uploading table index_20581"
level=info ts=2026-05-09T16:36:05.704795347Z caller=index_set.go:185 msg="cleaning up unwanted indexes from table index_20581"
level=info ts=2026-05-09T16:36:05.704804519Z caller=index_set.go:86 msg="uploading table index_20582"
level=info ts=2026-05-09T16:36:05.704817088Z caller=index_set.go:107 msg="finished uploading table index_20582"
level=info ts=2026-05-09T16:36:05.704824936Z caller=index_set.go:185 msg="cleaning up unwanted indexes from table index_20582"
level=info ts=2026-05-09T16:36:05.772234029Z caller=table_manager.go:167 msg="handing over indexes to shipper"
level=info ts=2026-05-09T16:36:05.772387988Z caller=table.go:319 msg="handing over indexes to shipper index_20581"
level=info ts=2026-05-09T16:36:05.772411802Z caller=table.go:335 msg="finished handing over table index_20581"
level=info ts=2026-05-09T16:36:05.772473108Z caller=table.go:319 msg="handing over indexes to shipper index_20582"
level=info ts=2026-05-09T16:36:05.772488358Z caller=table.go:335 msg="finished handing over table index_20582"
level=info ts=2026-05-09T16:36:15.520047739Z caller=checkpoint.go:502 msg="atomic checkpoint finished" old=/data/loki/wal/checkpoint.000096.tmp new=/data/loki/wal/checkpoint.000096
level=info ts=2026-05-09T16:36:15.521253466Z caller=checkpoint.go:573 msg="checkpoint done" time=4m12.007564588s
level=info ts=2026-05-09T16:37:01.086286449Z caller=table_manager.go:134 msg="uploading tables"
level=info ts=2026-05-09T16:37:01.086391596Z caller=index_set.go:86 msg="uploading table index_20582"
level=info ts=2026-05-09T16:37:01.086404892Z caller=index_set.go:107 msg="finished uploading table index_20582"
level=info ts=2026-05-09T16:37:01.086414553Z caller=index_set.go:185 msg="cleaning up unwanted indexes from table index_20582"
level=info ts=2026-05-09T16:37:01.0870402Z caller=index_set.go:86 msg="uploading table index_20581"
level=info ts=2026-05-09T16:37:01.087088773Z caller=index_set.go:107 msg="finished uploading table index_20581"
level=info ts=2026-05-09T16:37:01.087096859Z caller=index_set.go:185 msg="cleaning up unwanted indexes from table index_20581"
level=info ts=2026-05-09T16:37:01.13595443Z caller=table_manager.go:213 msg="syncing tables"
ts=2026-05-09T16:37:01.136185172Z caller=spanlogger.go:80 level=info msg="building index list cache"
ts=2026-05-09T16:37:01.136408404Z caller=spanlogger.go:80 level=info msg="index list cache built" duration=183.526µs
level=info ts=2026-05-09T16:37:01.138590265Z caller=index_set.go:422 table-name=index_20582 file-name=compactor-1778344348.gz msg="downloaded file" total_time=2.036109ms
level=info ts=2026-05-09T16:37:01.152686398Z caller=table_manager.go:167 msg="handing over indexes to shipper"
level=info ts=2026-05-09T16:37:01.152796863Z caller=table.go:319 msg="handing over indexes to shipper index_20582"
level=info ts=2026-05-09T16:37:01.152810008Z caller=table.go:335 msg="finished handing over table index_20582"
level=info ts=2026-05-09T16:37:01.153491001Z caller=table_manager.go:252 msg="query readiness setup completed" duration=3.744µs distinct_users_len=0
level=info ts=2026-05-09T16:37:01.155376744Z caller=table.go:319 msg="handing over indexes to shipper index_20581"
level=info ts=2026-05-09T16:37:01.15540985Z caller=table.go:335 msg="finished handing over table index_20581"
level=info ts=2026-05-09T16:37:01.200966477Z caller=checkpoint.go:615 msg="starting checkpoint"
level=info ts=2026-05-09T16:37:01.201341974Z caller=checkpoint.go:340 msg="attempting checkpoint for" dir=/data/loki/wal/checkpoint.000097
level=info ts=2026-05-09T16:37:56.473053325Z caller=table_manager.go:134 msg="uploading tables"
level=info ts=2026-05-09T16:37:56.473150407Z caller=index_set.go:86 msg="uploading table index_20581"
level=info ts=2026-05-09T16:37:56.473164018Z caller=index_set.go:107 msg="finished uploading table index_20581"
level=info ts=2026-05-09T16:37:56.473173744Z caller=index_set.go:185 msg="cleaning up unwanted indexes from table index_20581"
level=info ts=2026-05-09T16:37:56.473182753Z caller=index_set.go:86 msg="uploading table index_20582"
level=info ts=2026-05-09T16:37:56.473189678Z caller=index_set.go:107 msg="finished uploading table index_20582"
level=info ts=2026-05-09T16:37:56.473202226Z caller=index_set.go:185 msg="cleaning up unwanted indexes from table index_20582"
level=info ts=2026-05-09T16:37:56.539792398Z caller=table_manager.go:167 msg="handing over indexes to shipper"
level=info ts=2026-05-09T16:37:56.539877149Z caller=table.go:319 msg="handing over indexes to shipper index_20581"
level=info ts=2026-05-09T16:37:56.539889653Z caller=table.go:335 msg="finished handing over table index_20581"
level=info ts=2026-05-09T16:37:56.539915899Z caller=table.go:319 msg="handing over indexes to shipper index_20582"
level=info ts=2026-05-09T16:37:56.539926037Z caller=table.go:335 msg="finished handing over table index_20582"
level=info ts=2026-05-09T16:38:51.849454124Z caller=table_manager.go:134 msg="uploading tables"
level=info ts=2026-05-09T16:38:51.849548101Z caller=index_set.go:86 msg="uploading table index_20581"
level=info ts=2026-05-09T16:38:51.849559716Z caller=index_set.go:107 msg="finished uploading table index_20581"
level=info ts=2026-05-09T16:38:51.849571167Z caller=index_set.go:185 msg="cleaning up unwanted indexes from table index_20581"
level=info ts=2026-05-09T16:38:51.84958035Z caller=index_set.go:86 msg="uploading table index_20582"
level=info ts=2026-05-09T16:38:51.84958861Z caller=index_set.go:107 msg="finished uploading table index_20582"
level=info ts=2026-05-09T16:38:51.849595188Z caller=index_set.go:185 msg="cleaning up unwanted indexes from table index_20582"
level=info ts=2026-05-09T16:38:51.917060788Z caller=table_manager.go:167 msg="handing over indexes to shipper"
level=info ts=2026-05-09T16:38:51.917165326Z caller=table.go:319 msg="handing over indexes to shipper index_20581"
level=info ts=2026-05-09T16:38:51.917176788Z caller=table.go:335 msg="finished handing over table index_20581"
level=info ts=2026-05-09T16:38:51.917203544Z caller=table.go:319 msg="handing over indexes to shipper index_20582"
level=info ts=2026-05-09T16:38:51.917214876Z caller=table.go:335 msg="finished handing over table index_20582"
